
> oscar-watchlist-v6@6.0.0 test
> jest --detectOpenHandles

